Warning message:
package ‘jazzPanda’ was built under R version 4.5.2 
Loading required package: SeuratObject
Loading required package: sp

Attaching package: ‘SeuratObject’

The following objects are masked from ‘package:base’:

    intersect, t

Registered S3 method overwritten by 'spatstat.explore':
  method   from
  plot.roc pROC
Warning messages:
1: package ‘Seurat’ was built under R version 4.5.2 
2: package ‘SeuratObject’ was built under R version 4.5.2 
3: package ‘sp’ was built under R version 4.5.2 
Warning message:
package ‘data.table’ was built under R version 4.5.2 

Attaching package: ‘dplyr’

The following objects are masked from ‘package:data.table’:

    between, first, last

The following objects are masked from ‘package:stats’:

    filter, lag

The following objects are masked from ‘package:base’:

    intersect, setdiff, setequal, union

Warning message:
package ‘dplyr’ was built under R version 4.5.2 
Loading required package: Matrix
Loaded glmnet 4.1-10
Loading required package: ggplot2
Loading required package: lattice
Warning message:
package ‘ggplot2’ was built under R version 4.5.3 
Warning message:
package ‘limma’ was built under R version 4.5.2 
Warning message:
1 point was rejected as lying outside the specified window 
Correlation Method = spearman
Running 5000 permutation with 5 cores in parallel
Warning message:
1 point was rejected as lying outside the specified window 
Warning message:
In asMethod(object) :
  sparse->dense coercion: allocating vector of size 3.4 GiB
Warning: The default method for RunUMAP has changed from calling Python UMAP via reticulate to the R-native UWOT using the cosine metric
To use Python UMAP via reticulate, set umap.method to 'umap-learn' and metric to 'correlation'
This message will be shown once per session
17:35:59 UMAP embedding parameters a = 0.9922 b = 1.112
17:35:59 Read 460164 rows and found 15 numeric columns
17:35:59 Using Annoy for neighbor search, n_neighbors = 30
17:35:59 Building Annoy index with metric = cosine, n_trees = 50
0%   10   20   30   40   50   60   70   80   90   100%
[----|----|----|----|----|----|----|----|----|----|
**************************************************|
17:36:55 Writing NN index file to temp file ./tmp.Iw1A6PW8pq/Rtmpgn3tYM/file1cf63947926749
17:36:55 Searching Annoy index using 1 thread, search_k = 3000
17:41:19 Annoy recall = 100%
17:41:21 Commencing smooth kNN distance calibration using 1 thread with target n_neighbors = 30
17:41:55 Initializing from normalized Laplacian + noise (using RSpectra)
17:42:24 Commencing optimization for 200 epochs, with 20555546 positive edges
17:42:24 Using rng type: pcg
Using method 'umap'
0%   10   20   30   40   50   60   70   80   90   100%
[----|----|----|----|----|----|----|----|----|----|
**************************************************|
17:46:58 Optimization finished
Calculating cluster tumor_1
Calculating cluster tumor_2
Calculating cluster Macrophages
Calculating cluster T
Calculating cluster Periportal.LSECs
Calculating cluster Stellate.cells
Calculating cluster B
Calculating cluster Central.venous.LSECs
Calculating cluster Cholangiocytes
Calculating cluster Hep
Calculating cluster Portal.endothelial.cells
Calculating cluster NK.like.cells
Calculating cluster Erthyroid.cells
	Command being timed: "Rscript mg_cosmx_human_liver_cancer.R"
	User time (seconds): 2992.22
	System time (seconds): 325.86
	Percent of CPU this job got: 45%
	Elapsed (wall clock) time (h:mm:ss or m:ss): 2:02:05
	Average shared text size (kbytes): 0
	Average unshared data size (kbytes): 0
	Average stack size (kbytes): 0
	Average total size (kbytes): 0
	Maximum resident set size (kbytes): 158285024
	Average resident set size (kbytes): 0
	Major (requiring I/O) page faults: 5760
	Minor (reclaiming a frame) page faults: 132001119
	Voluntary context switches: 375349
	Involuntary context switches: 7126
	Swaps: 0
	File system inputs: 42216392
	File system outputs: 3746128
	Socket messages sent: 0
	Socket messages received: 0
	Signals delivered: 0
	Page size (bytes): 4096
	Exit status: 0
