/var/spool/slurmd/job28524028/slurm_script: line 28: msg: command not found
/var/spool/slurmd/job28524028/slurm_script: line 29: msg: command not found
/var/spool/slurmd/job28524028/slurm_script: line 30: msg: command not found
/var/spool/slurmd/job28524028/slurm_script: line 31: msg: command not found
/var/spool/slurmd/job28524028/slurm_script: line 32: msg: command not found
/var/spool/slurmd/job28524028/slurm_script: line 33: msg: command not found
/var/spool/slurmd/job28524028/slurm_script: line 34: msg: command not found
/var/spool/slurmd/job28524028/slurm_script: line 35: msg: command not found
Warning message:
package ‘jazzPanda’ was built under R version 4.5.2 
Loading required package: SeuratObject
Loading required package: sp

Attaching package: ‘SeuratObject’

The following objects are masked from ‘package:base’:

    intersect, t

Registered S3 method overwritten by 'spatstat.explore':
  method   from
  plot.roc pROC
Warning messages:
1: package ‘Seurat’ was built under R version 4.5.2 
2: package ‘SeuratObject’ was built under R version 4.5.2 
3: package ‘sp’ was built under R version 4.5.2 
Warning message:
package ‘data.table’ was built under R version 4.5.2 

Attaching package: ‘dplyr’

The following objects are masked from ‘package:data.table’:

    between, first, last

The following objects are masked from ‘package:stats’:

    filter, lag

The following objects are masked from ‘package:base’:

    intersect, setdiff, setequal, union

Warning message:
package ‘dplyr’ was built under R version 4.5.2 
Loading required package: Matrix
Loaded glmnet 4.1-10
Loading required package: ggplot2
Loading required package: lattice
Warning message:
package ‘ggplot2’ was built under R version 4.5.3 
Warning message:
package ‘limma’ was built under R version 4.5.2 
scCustomize v3.2.4
If you find the scCustomize useful please cite.
See 'samuel-marsh.github.io/scCustomize/articles/FAQ.html' for citation info.
Warning message:
package ‘scCustomize’ was built under R version 4.5.2 
Loading required package: SingleCellExperiment
Loading required package: SummarizedExperiment
Loading required package: MatrixGenerics
Loading required package: matrixStats

Attaching package: ‘matrixStats’

The following object is masked from ‘package:dplyr’:

    count


Attaching package: ‘MatrixGenerics’

The following objects are masked from ‘package:matrixStats’:

    colAlls, colAnyNAs, colAnys, colAvgsPerRowSet, colCollapse,
    colCounts, colCummaxs, colCummins, colCumprods, colCumsums,
    colDiffs, colIQRDiffs, colIQRs, colLogSumExps, colMadDiffs,
    colMads, colMaxs, colMeans2, colMedians, colMins, colOrderStats,
    colProds, colQuantiles, colRanges, colRanks, colSdDiffs, colSds,
    colSums2, colTabulates, colVarDiffs, colVars, colWeightedMads,
    colWeightedMeans, colWeightedMedians, colWeightedSds,
    colWeightedVars, rowAlls, rowAnyNAs, rowAnys, rowAvgsPerColSet,
    rowCollapse, rowCounts, rowCummaxs, rowCummins, rowCumprods,
    rowCumsums, rowDiffs, rowIQRDiffs, rowIQRs, rowLogSumExps,
    rowMadDiffs, rowMads, rowMaxs, rowMeans2, rowMedians, rowMins,
    rowOrderStats, rowProds, rowQuantiles, rowRanges, rowRanks,
    rowSdDiffs, rowSds, rowSums2, rowTabulates, rowVarDiffs, rowVars,
    rowWeightedMads, rowWeightedMeans, rowWeightedMedians,
    rowWeightedSds, rowWeightedVars

Loading required package: GenomicRanges
Loading required package: stats4
Loading required package: BiocGenerics
Loading required package: generics

Attaching package: ‘generics’

The following object is masked from ‘package:caret’:

    train

The following object is masked from ‘package:dplyr’:

    explain

The following objects are masked from ‘package:base’:

    as.difftime, as.factor, as.ordered, intersect, is.element, setdiff,
    setequal, union


Attaching package: ‘BiocGenerics’

The following object is masked from ‘package:limma’:

    plotMA

The following object is masked from ‘package:dplyr’:

    combine

The following objects are masked from ‘package:stats’:

    IQR, mad, sd, var, xtabs

The following objects are masked from ‘package:base’:

    anyDuplicated, aperm, append, as.data.frame, basename, cbind,
    colnames, dirname, do.call, duplicated, eval, evalq, Filter, Find,
    get, grep, grepl, is.unsorted, lapply, Map, mapply, match, mget,
    order, paste, pmax, pmax.int, pmin, pmin.int, Position, rank,
    rbind, Reduce, rownames, sapply, saveRDS, table, tapply, unique,
    unsplit, which.max, which.min

Loading required package: S4Vectors

Attaching package: ‘S4Vectors’

The following objects are masked from ‘package:Matrix’:

    expand, unname

The following objects are masked from ‘package:dplyr’:

    first, rename

The following objects are masked from ‘package:data.table’:

    first, second

The following object is masked from ‘package:utils’:

    findMatches

The following objects are masked from ‘package:base’:

    expand.grid, I, unname

Loading required package: IRanges

Attaching package: ‘IRanges’

The following objects are masked from ‘package:dplyr’:

    collapse, desc, slice

The following object is masked from ‘package:data.table’:

    shift

The following object is masked from ‘package:sp’:

    %over%

Loading required package: GenomeInfoDb
Loading required package: Biobase
Welcome to Bioconductor

    Vignettes contain introductory material; view with
    'browseVignettes()'. To cite Bioconductor, see
    'citation("Biobase")', and for packages 'citation("pkgname")'.


Attaching package: ‘Biobase’

The following object is masked from ‘package:MatrixGenerics’:

    rowMedians

The following objects are masked from ‘package:matrixStats’:

    anyMissing, rowMedians


Attaching package: ‘SummarizedExperiment’

The following object is masked from ‘package:Seurat’:

    Assays

The following object is masked from ‘package:SeuratObject’:

    Assays


Attaching package: ‘SingleCellExperiment’

The following object is masked from ‘package:edgeR’:

    cpm

Warning messages:
1: package ‘BiocGenerics’ was built under R version 4.5.2 
2: package ‘GenomeInfoDb’ was built under R version 4.5.2 
here() starts at /vast/projects/xenium_5k/jazzPanda_paper
Warning message:
package ‘here’ was built under R version 4.5.2 
10X data contains more than one type and is being returned as a list containing matrices of each type.
10X data contains more than one type and is being returned as a list containing matrices of each type.
10X data contains more than one type and is being returned as a list containing matrices of each type.
Warning message:
In asMethod(object) :
  sparse->dense coercion: allocating vector of size 1.6 GiB
10X data contains more than one type and is being returned as a list containing matrices of each type.
10X data contains more than one type and is being returned as a list containing matrices of each type.
10X data contains more than one type and is being returned as a list containing matrices of each type.
Error: unexpected '=' in "="
Execution halted
Command exited with non-zero status 1
	Command being timed: "Rscript per_sample_gene_count_frequency.R"
	User time (seconds): 1438.22
	System time (seconds): 141.07
	Percent of CPU this job got: 103%
	Elapsed (wall clock) time (h:mm:ss or m:ss): 25:23.29
	Average shared text size (kbytes): 0
	Average unshared data size (kbytes): 0
	Average stack size (kbytes): 0
	Average total size (kbytes): 0
	Maximum resident set size (kbytes): 111817084
	Average resident set size (kbytes): 0
	Major (requiring I/O) page faults: 224683
	Minor (reclaiming a frame) page faults: 45979332
	Voluntary context switches: 181635
	Involuntary context switches: 2929
	Swaps: 0
	File system inputs: 109900520
	File system outputs: 48619168
	Socket messages sent: 0
	Socket messages received: 0
	Signals delivered: 0
	Page size (bytes): 4096
	Exit status: 1
