

processing file: supplementary_application_cosmx_healthy_human_liver.Rmd
output file: supplementary_application_cosmx_healthy_human_liver.knit.md


Output created: supplementary_application_cosmx_healthy_human_liver.html
	Command being timed: "Rscript -e rmarkdown::render('supplementary_application_cosmx_healthy_human_liver.Rmd', output_format = 'html_document')"
	User time (seconds): 1188.99
	System time (seconds): 215.90
	Percent of CPU this job got: 99%
	Elapsed (wall clock) time (h:mm:ss or m:ss): 23:37.92
	Average shared text size (kbytes): 0
	Average unshared data size (kbytes): 0
	Average stack size (kbytes): 0
	Average total size (kbytes): 0
	Maximum resident set size (kbytes): 130735720
	Average resident set size (kbytes): 0
	Major (requiring I/O) page faults: 337
	Minor (reclaiming a frame) page faults: 149070833
	Voluntary context switches: 9255
	Involuntary context switches: 1896
	Swaps: 0
	File system inputs: 43126920
	File system outputs: 29448
	Socket messages sent: 0
	Socket messages received: 0
	Signals delivered: 0
	Page size (bytes): 4096
	Exit status: 0
