

processing file: supplementary_application_cosmx_human_liver_cancer.Rmd
output file: supplementary_application_cosmx_human_liver_cancer.knit.md


Output created: supplementary_application_cosmx_human_liver_cancer.html
	Command being timed: "Rscript -e rmarkdown::render('supplementary_application_cosmx_human_liver_cancer.Rmd', output_format = 'html_document')"
	User time (seconds): 1446.95
	System time (seconds): 175.12
	Percent of CPU this job got: 99%
	Elapsed (wall clock) time (h:mm:ss or m:ss): 27:10.06
	Average shared text size (kbytes): 0
	Average unshared data size (kbytes): 0
	Average stack size (kbytes): 0
	Average total size (kbytes): 0
	Maximum resident set size (kbytes): 160177920
	Average resident set size (kbytes): 0
	Major (requiring I/O) page faults: 1283
	Minor (reclaiming a frame) page faults: 98868328
	Voluntary context switches: 6041
	Involuntary context switches: 1989
	Swaps: 0
	File system inputs: 12957280
	File system outputs: 13032
	Socket messages sent: 0
	Socket messages received: 0
	Signals delivered: 0
	Page size (bytes): 4096
	Exit status: 0
